Running Gradle task 'assembleRelease'...                        
Running Gradle task 'assembleRelease'...                           21.0s
